// Jest Snapshot v1, https://goo.gl/fbAQLP

exports[`TagSet Explore renders the UI snapshot correctly 1`] = `
<div
  className="css-1xdhyk6"
>
  <div
    className="css-0"
    data-testid="explore-tags"
    id="ts-explore-undefined-0"
  >
    <span>
      <a
        href="https://nypl.org"
      >
        Red
      </a>
    </span>
  </div>
  <div
    className="css-0"
    data-testid="explore-tags"
    id="ts-explore-undefined-1"
  >
    <span>
      <a
        href="https://nypl.org"
      >
        Orange
      </a>
    </span>
  </div>
  <div
    className="css-0"
    data-testid="explore-tags"
    id="ts-explore-undefined-2"
  >
    <span>
      <a
        href="https://nypl.org"
      >
        Yellow
      </a>
    </span>
  </div>
  <div
    className="css-0"
    data-testid="explore-tags"
    id="ts-explore-undefined-3"
  >
    <span>
      <a
        href="https://nypl.org"
      >
        Green
      </a>
    </span>
  </div>
  <div
    className="css-0"
    data-testid="explore-tags"
    id="ts-explore-undefined-4"
  >
    <span>
      <a
        href="https://nypl.org"
      >
        Blue
      </a>
    </span>
  </div>
  <div
    className="css-0"
    data-testid="explore-tags"
    id="ts-explore-undefined-5"
  >
    <span>
      <a
        href="https://nypl.org"
      >
        Indigo
      </a>
    </span>
  </div>
  <div
    className="css-0"
    data-testid="explore-tags"
    id="ts-explore-undefined-6"
  >
    <span>
      <a
        href="https://nypl.org"
      >
        Violet
      </a>
    </span>
  </div>
</div>
`;

exports[`TagSet Explore renders the UI snapshot correctly 2`] = `
<div
  className="css-1xdhyk6"
>
  <div
    className="css-0"
    data-testid="explore-tags"
    id="ts-explore-undefined-0"
  >
    <svg
      aria-hidden={true}
      className="chakra-icon css-1vgifmd"
      data-file-name="SvgAlertWarningFilled"
      data-testid="ts-icon"
      focusable={false}
      role="img"
      title="alertWarningFilled icon"
    />
    <span>
      <a
        href="https://nypl.org"
      >
        Red
      </a>
    </span>
  </div>
  <div
    className="css-0"
    data-testid="explore-tags"
    id="ts-explore-undefined-1"
  >
    <svg
      aria-hidden={true}
      className="chakra-icon css-1vgifmd"
      data-file-name="SvgCheck"
      data-testid="ts-icon"
      focusable={false}
      role="img"
      title="check icon"
    />
    <span>
      <a
        href="https://nypl.org"
      >
        Orange
      </a>
    </span>
  </div>
  <div
    className="css-0"
    data-testid="explore-tags"
    id="ts-explore-undefined-2"
  >
    <svg
      aria-hidden={true}
      className="chakra-icon css-1vgifmd"
      data-file-name="SvgCheck"
      data-testid="ts-icon"
      focusable={false}
      role="img"
      title="check icon"
    />
    <span>
      <a
        href="https://nypl.org"
      >
        Yellow
      </a>
    </span>
  </div>
  <div
    className="css-0"
    data-testid="explore-tags"
    id="ts-explore-undefined-3"
  >
    <svg
      aria-hidden={true}
      className="chakra-icon css-1vgifmd"
      data-file-name="SvgAlertWarningFilled"
      data-testid="ts-icon"
      focusable={false}
      role="img"
      title="alertWarningFilled icon"
    />
    <span>
      <a
        href="https://nypl.org"
      >
        Green
      </a>
    </span>
  </div>
  <div
    className="css-0"
    data-testid="explore-tags"
    id="ts-explore-undefined-4"
  >
    <svg
      aria-hidden={true}
      className="chakra-icon css-1vgifmd"
      data-file-name="SvgCheck"
      data-testid="ts-icon"
      focusable={false}
      role="img"
      title="check icon"
    />
    <span>
      <a
        href="https://nypl.org"
      >
        Blue
      </a>
    </span>
  </div>
  <div
    className="css-0"
    data-testid="explore-tags"
    id="ts-explore-undefined-5"
  >
    <svg
      aria-hidden={true}
      className="chakra-icon css-1vgifmd"
      data-file-name="SvgCheck"
      data-testid="ts-icon"
      focusable={false}
      role="img"
      title="check icon"
    />
    <span>
      <a
        href="https://nypl.org"
      >
        Indigo
      </a>
    </span>
  </div>
  <div
    className="css-0"
    data-testid="explore-tags"
    id="ts-explore-undefined-6"
  >
    <svg
      aria-hidden={true}
      className="chakra-icon css-1vgifmd"
      data-file-name="SvgCheck"
      data-testid="ts-icon"
      focusable={false}
      role="img"
      title="check icon"
    />
    <span>
      <a
        href="https://nypl.org"
      >
        Violet
      </a>
    </span>
  </div>
</div>
`;

exports[`TagSet Explore renders the UI snapshot correctly 3`] = `
<div
  className="css-1t0bvx9"
>
  <div
    className="css-0"
    data-testid="explore-tags"
    id="ts-explore-undefined-0"
  >
    <span>
      <a
        href="https://nypl.org"
      >
        Red
      </a>
    </span>
  </div>
  <div
    className="css-0"
    data-testid="explore-tags"
    id="ts-explore-undefined-1"
  >
    <span>
      <a
        href="https://nypl.org"
      >
        Orange
      </a>
    </span>
  </div>
  <div
    className="css-0"
    data-testid="explore-tags"
    id="ts-explore-undefined-2"
  >
    <span>
      <a
        href="https://nypl.org"
      >
        Yellow
      </a>
    </span>
  </div>
  <div
    className="css-0"
    data-testid="explore-tags"
    id="ts-explore-undefined-3"
  >
    <span>
      <a
        href="https://nypl.org"
      >
        Green
      </a>
    </span>
  </div>
  <div
    className="css-0"
    data-testid="explore-tags"
    id="ts-explore-undefined-4"
  >
    <span>
      <a
        href="https://nypl.org"
      >
        Blue
      </a>
    </span>
  </div>
  <div
    className="css-0"
    data-testid="explore-tags"
    id="ts-explore-undefined-5"
  >
    <span>
      <a
        href="https://nypl.org"
      >
        Indigo
      </a>
    </span>
  </div>
  <div
    className="css-0"
    data-testid="explore-tags"
    id="ts-explore-undefined-6"
  >
    <span>
      <a
        href="https://nypl.org"
      >
        Violet
      </a>
    </span>
  </div>
</div>
`;

exports[`TagSet Explore renders the UI snapshot correctly 4`] = `
<div
  className="css-1xdhyk6"
  data-testid="testid"
>
  <div
    className="css-0"
    data-testid="explore-tags"
    id="ts-explore-undefined-0"
  >
    <span>
      <a
        href="https://nypl.org"
      >
        Red
      </a>
    </span>
  </div>
  <div
    className="css-0"
    data-testid="explore-tags"
    id="ts-explore-undefined-1"
  >
    <span>
      <a
        href="https://nypl.org"
      >
        Orange
      </a>
    </span>
  </div>
  <div
    className="css-0"
    data-testid="explore-tags"
    id="ts-explore-undefined-2"
  >
    <span>
      <a
        href="https://nypl.org"
      >
        Yellow
      </a>
    </span>
  </div>
  <div
    className="css-0"
    data-testid="explore-tags"
    id="ts-explore-undefined-3"
  >
    <span>
      <a
        href="https://nypl.org"
      >
        Green
      </a>
    </span>
  </div>
  <div
    className="css-0"
    data-testid="explore-tags"
    id="ts-explore-undefined-4"
  >
    <span>
      <a
        href="https://nypl.org"
      >
        Blue
      </a>
    </span>
  </div>
  <div
    className="css-0"
    data-testid="explore-tags"
    id="ts-explore-undefined-5"
  >
    <span>
      <a
        href="https://nypl.org"
      >
        Indigo
      </a>
    </span>
  </div>
  <div
    className="css-0"
    data-testid="explore-tags"
    id="ts-explore-undefined-6"
  >
    <span>
      <a
        href="https://nypl.org"
      >
        Violet
      </a>
    </span>
  </div>
</div>
`;

exports[`TagSet Filter renders the UI snapshot correctly 1`] = `
<div
  className="css-1xdhyk6"
>
  <button
    className="chakra-button css-1xdhyk6"
    data-testid="filter-tags"
    id="ts-filter-red-0"
    type="button"
  >
    <span>
      Red
    </span>
  </button>
  <button
    className="chakra-button css-1xdhyk6"
    data-testid="filter-tags"
    id="ts-filter-orange-1"
    type="button"
  >
    <span>
      Orange
    </span>
  </button>
  <button
    className="chakra-button css-1xdhyk6"
    data-testid="filter-tags"
    id="ts-filter-yellow-2"
    type="button"
  >
    <span>
      Yellow
    </span>
  </button>
  <button
    className="chakra-button css-1xdhyk6"
    data-testid="filter-tags"
    id="ts-filter-green-3"
    type="button"
  >
    <span>
      Green
    </span>
  </button>
  <button
    className="chakra-button css-1xdhyk6"
    data-testid="filter-tags"
    id="ts-filter-blue-4"
    type="button"
  >
    <span>
      Blue
    </span>
  </button>
  <button
    className="chakra-button css-1xdhyk6"
    data-testid="filter-tags"
    id="ts-filter-indigo-5"
    type="button"
  >
    <span>
      Indigo
    </span>
  </button>
  <button
    className="chakra-button css-1xdhyk6"
    data-testid="filter-tags"
    id="ts-filter-violet-6"
    type="button"
  >
    <span>
      Violet
    </span>
  </button>
</div>
`;

exports[`TagSet Filter renders the UI snapshot correctly 2`] = `
<div
  className="css-1xdhyk6"
>
  <button
    className="chakra-button css-8bx9xp"
    data-testid="filter-tags"
    id="ts-filter-red-0"
    type="button"
  >
    <svg
      aria-hidden={true}
      className="chakra-icon css-3xtznl"
      data-file-name="SvgAlertWarningFilled"
      data-testid="ts-icon"
      focusable={false}
      role="img"
      title="alertWarningFilled icon"
    />
    <span>
      Red
    </span>
  </button>
  <button
    className="chakra-button css-8bx9xp"
    data-testid="filter-tags"
    id="ts-filter-orange-1"
    type="button"
  >
    <svg
      aria-hidden={true}
      className="chakra-icon css-3xtznl"
      data-file-name="SvgCheck"
      data-testid="ts-icon"
      focusable={false}
      role="img"
      title="check icon"
    />
    <span>
      Orange
    </span>
  </button>
  <button
    className="chakra-button css-8bx9xp"
    data-testid="filter-tags"
    id="ts-filter-yellow-2"
    type="button"
  >
    <svg
      aria-hidden={true}
      className="chakra-icon css-3xtznl"
      data-file-name="SvgCheck"
      data-testid="ts-icon"
      focusable={false}
      role="img"
      title="check icon"
    />
    <span>
      Yellow
    </span>
  </button>
  <button
    className="chakra-button css-8bx9xp"
    data-testid="filter-tags"
    id="ts-filter-green-3"
    type="button"
  >
    <svg
      aria-hidden={true}
      className="chakra-icon css-3xtznl"
      data-file-name="SvgAlertWarningFilled"
      data-testid="ts-icon"
      focusable={false}
      role="img"
      title="alertWarningFilled icon"
    />
    <span>
      Green
    </span>
  </button>
  <button
    className="chakra-button css-8bx9xp"
    data-testid="filter-tags"
    id="ts-filter-blue-4"
    type="button"
  >
    <svg
      aria-hidden={true}
      className="chakra-icon css-3xtznl"
      data-file-name="SvgCheck"
      data-testid="ts-icon"
      focusable={false}
      role="img"
      title="check icon"
    />
    <span>
      Blue
    </span>
  </button>
  <button
    className="chakra-button css-8bx9xp"
    data-testid="filter-tags"
    id="ts-filter-indigo-5"
    type="button"
  >
    <svg
      aria-hidden={true}
      className="chakra-icon css-3xtznl"
      data-file-name="SvgCheck"
      data-testid="ts-icon"
      focusable={false}
      role="img"
      title="check icon"
    />
    <span>
      Indigo
    </span>
  </button>
  <button
    className="chakra-button css-8bx9xp"
    data-testid="filter-tags"
    id="ts-filter-violet-6"
    type="button"
  >
    <svg
      aria-hidden={true}
      className="chakra-icon css-3xtznl"
      data-file-name="SvgCheck"
      data-testid="ts-icon"
      focusable={false}
      role="img"
      title="check icon"
    />
    <span>
      Violet
    </span>
  </button>
</div>
`;

exports[`TagSet Filter renders the UI snapshot correctly 3`] = `
<div
  className="css-1xdhyk6"
>
  <button
    aria-label="Red, click to remove filter"
    className="chakra-button css-8bx9xp"
    data-testid="filter-tags"
    id="ts-filter-red-0"
    onClick={[Function]}
    type="button"
  >
    <span>
      Red
    </span>
    <svg
      aria-hidden={true}
      className="chakra-icon css-14pq4bw"
      data-file-name="SvgClose"
      data-testid="filter-close-icon"
      focusable={false}
      role="img"
      title="close icon"
    />
  </button>
  <button
    aria-label="Orange, click to remove filter"
    className="chakra-button css-8bx9xp"
    data-testid="filter-tags"
    id="ts-filter-orange-1"
    onClick={[Function]}
    type="button"
  >
    <span>
      Orange
    </span>
    <svg
      aria-hidden={true}
      className="chakra-icon css-14pq4bw"
      data-file-name="SvgClose"
      data-testid="filter-close-icon"
      focusable={false}
      role="img"
      title="close icon"
    />
  </button>
  <button
    aria-label="Yellow, click to remove filter"
    className="chakra-button css-8bx9xp"
    data-testid="filter-tags"
    id="ts-filter-yellow-2"
    onClick={[Function]}
    type="button"
  >
    <span>
      Yellow
    </span>
    <svg
      aria-hidden={true}
      className="chakra-icon css-14pq4bw"
      data-file-name="SvgClose"
      data-testid="filter-close-icon"
      focusable={false}
      role="img"
      title="close icon"
    />
  </button>
  <button
    aria-label="Green, click to remove filter"
    className="chakra-button css-8bx9xp"
    data-testid="filter-tags"
    id="ts-filter-green-3"
    onClick={[Function]}
    type="button"
  >
    <span>
      Green
    </span>
    <svg
      aria-hidden={true}
      className="chakra-icon css-14pq4bw"
      data-file-name="SvgClose"
      data-testid="filter-close-icon"
      focusable={false}
      role="img"
      title="close icon"
    />
  </button>
  <button
    aria-label="Blue, click to remove filter"
    className="chakra-button css-8bx9xp"
    data-testid="filter-tags"
    id="ts-filter-blue-4"
    onClick={[Function]}
    type="button"
  >
    <span>
      Blue
    </span>
    <svg
      aria-hidden={true}
      className="chakra-icon css-14pq4bw"
      data-file-name="SvgClose"
      data-testid="filter-close-icon"
      focusable={false}
      role="img"
      title="close icon"
    />
  </button>
  <button
    aria-label="Indigo, click to remove filter"
    className="chakra-button css-8bx9xp"
    data-testid="filter-tags"
    id="ts-filter-indigo-5"
    onClick={[Function]}
    type="button"
  >
    <span>
      Indigo
    </span>
    <svg
      aria-hidden={true}
      className="chakra-icon css-14pq4bw"
      data-file-name="SvgClose"
      data-testid="filter-close-icon"
      focusable={false}
      role="img"
      title="close icon"
    />
  </button>
  <button
    aria-label="Violet, click to remove filter"
    className="chakra-button css-8bx9xp"
    data-testid="filter-tags"
    id="ts-filter-violet-6"
    onClick={[Function]}
    type="button"
  >
    <span>
      Violet
    </span>
    <svg
      aria-hidden={true}
      className="chakra-icon css-14pq4bw"
      data-file-name="SvgClose"
      data-testid="filter-close-icon"
      focusable={false}
      role="img"
      title="close icon"
    />
  </button>
  <button
    className="chakra-button css-1xdhyk6"
    data-testid="filter-clear-all"
    id="ts-filter-clear-all-undefined"
    onClick={[Function]}
    type="button"
  >
    Clear filters
  </button>
</div>
`;

exports[`TagSet Filter renders the UI snapshot correctly 4`] = `
<div
  className="css-1t0bvx9"
>
  <button
    className="chakra-button css-1xdhyk6"
    data-testid="filter-tags"
    id="ts-filter-red-0"
    type="button"
  >
    <span>
      Red
    </span>
  </button>
  <button
    className="chakra-button css-1xdhyk6"
    data-testid="filter-tags"
    id="ts-filter-orange-1"
    type="button"
  >
    <span>
      Orange
    </span>
  </button>
  <button
    className="chakra-button css-1xdhyk6"
    data-testid="filter-tags"
    id="ts-filter-yellow-2"
    type="button"
  >
    <span>
      Yellow
    </span>
  </button>
  <button
    className="chakra-button css-1xdhyk6"
    data-testid="filter-tags"
    id="ts-filter-green-3"
    type="button"
  >
    <span>
      Green
    </span>
  </button>
  <button
    className="chakra-button css-1xdhyk6"
    data-testid="filter-tags"
    id="ts-filter-blue-4"
    type="button"
  >
    <span>
      Blue
    </span>
  </button>
  <button
    className="chakra-button css-1xdhyk6"
    data-testid="filter-tags"
    id="ts-filter-indigo-5"
    type="button"
  >
    <span>
      Indigo
    </span>
  </button>
  <button
    className="chakra-button css-1xdhyk6"
    data-testid="filter-tags"
    id="ts-filter-violet-6"
    type="button"
  >
    <span>
      Violet
    </span>
  </button>
</div>
`;

exports[`TagSet Filter renders the UI snapshot correctly 5`] = `
<div
  className="css-1xdhyk6"
  data-testid="testid"
>
  <button
    className="chakra-button css-1xdhyk6"
    data-testid="filter-tags"
    id="ts-filter-red-0"
    type="button"
  >
    <span>
      Red
    </span>
  </button>
  <button
    className="chakra-button css-1xdhyk6"
    data-testid="filter-tags"
    id="ts-filter-orange-1"
    type="button"
  >
    <span>
      Orange
    </span>
  </button>
  <button
    className="chakra-button css-1xdhyk6"
    data-testid="filter-tags"
    id="ts-filter-yellow-2"
    type="button"
  >
    <span>
      Yellow
    </span>
  </button>
  <button
    className="chakra-button css-1xdhyk6"
    data-testid="filter-tags"
    id="ts-filter-green-3"
    type="button"
  >
    <span>
      Green
    </span>
  </button>
  <button
    className="chakra-button css-1xdhyk6"
    data-testid="filter-tags"
    id="ts-filter-blue-4"
    type="button"
  >
    <span>
      Blue
    </span>
  </button>
  <button
    className="chakra-button css-1xdhyk6"
    data-testid="filter-tags"
    id="ts-filter-indigo-5"
    type="button"
  >
    <span>
      Indigo
    </span>
  </button>
  <button
    className="chakra-button css-1xdhyk6"
    data-testid="filter-tags"
    id="ts-filter-violet-6"
    type="button"
  >
    <span>
      Violet
    </span>
  </button>
</div>
`;
